// Jest Snapshot v1, https://goo.gl/fbAQLP

exports[`Change Events @change fires change events on a form 1`] = `
<View
  style={
    Object {
      "flex": 1,
      "marginHorizontal": 10,
    }
  }
>
  <View
    onLayout={[Function]}
    style={
      Object {
        "flex": 1,
      }
    }
  >
    <RCTScrollView
      contentContainerStyle={
        Object {
          "minHeight": null,
        }
      }
    >
      <View>
        <Text>
          
        </Text>
        <View
          style={
            Array [
              Object {
                "flexBasis": 0,
                "flexGrow": 1,
                "flexShrink": 1,
              },
              undefined,
            ]
          }
        >
          <View
            border={true}
            componentName="FormGroupWrapper"
            error={false}
            inlineLabel={false}
            multiline={false}
            numberOfLines={1}
            style={
              Array [
                Object {
                  "alignItems": "stretch",
                  "borderColor": "#ebebeb",
                  "borderRadius": 3,
                  "borderStyle": "solid",
                  "borderWidth": 1,
                  "flexDirection": "column",
                  "height": 60,
                  "justifyContent": "flex-start",
                  "marginBottom": 10,
                  "paddingBottom": 0,
                  "paddingLeft": 10,
                  "paddingRight": 10,
                  "paddingTop": 0,
                },
                undefined,
              ]
            }
            theme={
              Object {
                "BaseInput": Object {
                  "fontSize": 12,
                  "lineHeight": 18,
                  "placeholderColor": "#c9c9c9",
                },
                "Button": Object {
                  "backgroundColor": "#4286dd",
                  "color": "#fff",
                  "fontSize": 12,
                  "fontWeight": 700,
                  "height": 45,
                },
                "ErrorMessage": Object {
                  "color": "red",
                  "fontSize": 10,
                  "marginBottom": 15,
                  "textAlign": "right",
                },
                "Fieldset": Object {
                  "borderBottomColor": "#ddd",
                  "borderBottomWidth": 1,
                  "labelColor": "#909090",
                  "labelHeight": 25,
                  "labelSize": 9,
                  "labelWeight": 700,
                  "paddingBottom": 12,
                  "paddingLeft": 8,
                  "paddingRight": 8,
                  "paddingTop": 12,
                },
                "FormGroup": Object {
                  "borderColor": "#ebebeb",
                  "borderRadius": 3,
                  "borderStyle": "solid",
                  "borderWidth": 1,
                  "errorBorderColor": "red",
                  "height": 35,
                  "marginBottom": 10,
                  "paddingBottom": 0,
                  "paddingLeft": 10,
                  "paddingRight": 10,
                  "paddingTop": 0,
                },
                "Input": Object {
                  "color": "#313131",
                },
                "Label": Object {
                  "color": "#bfc2c9",
                  "fontSize": 12,
                  "stackedHeight": 25,
                },
                "Select": Object {},
              }
            }
          >
            <View
              inlineLabel={false}
              style={
                Array [
                  Object {
                    "flexBasis": 0,
                    "flexDirection": "column",
                    "flexGrow": 1,
                    "flexShrink": 1,
                    "justifyContent": "center",
                    "marginTop": 5,
                    "paddingLeft": 0,
                  },
                  undefined,
                ]
              }
              theme={
                Object {
                  "BaseInput": Object {
                    "fontSize": 12,
                    "lineHeight": 18,
                    "placeholderColor": "#c9c9c9",
                  },
                  "Button": Object {
                    "backgroundColor": "#4286dd",
                    "color": "#fff",
                    "fontSize": 12,
                    "fontWeight": 700,
                    "height": 45,
                  },
                  "ErrorMessage": Object {
                    "color": "red",
                    "fontSize": 10,
                    "marginBottom": 15,
                    "textAlign": "right",
                  },
                  "Fieldset": Object {
                    "borderBottomColor": "#ddd",
                    "borderBottomWidth": 1,
                    "labelColor": "#909090",
                    "labelHeight": 25,
                    "labelSize": 9,
                    "labelWeight": 700,
                    "paddingBottom": 12,
                    "paddingLeft": 8,
                    "paddingRight": 8,
                    "paddingTop": 12,
                  },
                  "FormGroup": Object {
                    "borderColor": "#ebebeb",
                    "borderRadius": 3,
                    "borderStyle": "solid",
                    "borderWidth": 1,
                    "errorBorderColor": "red",
                    "height": 35,
                    "marginBottom": 10,
                    "paddingBottom": 0,
                    "paddingLeft": 10,
                    "paddingRight": 10,
                    "paddingTop": 0,
                  },
                  "Input": Object {
                    "color": "#313131",
                  },
                  "Label": Object {
                    "color": "#bfc2c9",
                    "fontSize": 12,
                    "stackedHeight": 25,
                  },
                  "Select": Object {},
                }
              }
            >
              <Text
                componentName="Label"
                inlineLabel={false}
                style={
                  Array [
                    Object {
                      "color": "#bfc2c9",
                      "fontSize": 12,
                    },
                    undefined,
                  ]
                }
                theme={
                  Object {
                    "BaseInput": Object {
                      "fontSize": 12,
                      "lineHeight": 18,
                      "placeholderColor": "#c9c9c9",
                    },
                    "Button": Object {
                      "backgroundColor": "#4286dd",
                      "color": "#fff",
                      "fontSize": 12,
                      "fontWeight": 700,
                      "height": 45,
                    },
                    "ErrorMessage": Object {
                      "color": "red",
                      "fontSize": 10,
                      "marginBottom": 15,
                      "textAlign": "right",
                    },
                    "Fieldset": Object {
                      "borderBottomColor": "#ddd",
                      "borderBottomWidth": 1,
                      "labelColor": "#909090",
                      "labelHeight": 25,
                      "labelSize": 9,
                      "labelWeight": 700,
                      "paddingBottom": 12,
                      "paddingLeft": 8,
                      "paddingRight": 8,
                      "paddingTop": 12,
                    },
                    "FormGroup": Object {
                      "borderColor": "#ebebeb",
                      "borderRadius": 3,
                      "borderStyle": "solid",
                      "borderWidth": 1,
                      "errorBorderColor": "red",
                      "height": 35,
                      "marginBottom": 10,
                      "paddingBottom": 0,
                      "paddingLeft": 10,
                      "paddingRight": 10,
                      "paddingTop": 0,
                    },
                    "Input": Object {
                      "color": "#313131",
                    },
                    "Label": Object {
                      "color": "#bfc2c9",
                      "fontSize": 12,
                      "stackedHeight": 25,
                    },
                    "Select": Object {},
                  }
                }
              >
                
                 
                
                 
                My Textfield
                 
                
              </Text>
            </View>
            <View
              inlineLabel={false}
              multiline={false}
              numberOfLines={1}
              style={
                Array [
                  Object {
                    "flexBasis": 0,
                    "flexGrow": 1,
                    "flexShrink": 1,
                    "justifyContent": "center",
                  },
                  undefined,
                ]
              }
              theme={
                Object {
                  "BaseInput": Object {
                    "fontSize": 12,
                    "lineHeight": 18,
                    "placeholderColor": "#c9c9c9",
                  },
                  "Button": Object {
                    "backgroundColor": "#4286dd",
                    "color": "#fff",
                    "fontSize": 12,
                    "fontWeight": 700,
                    "height": 45,
                  },
                  "ErrorMessage": Object {
                    "color": "red",
                    "fontSize": 10,
                    "marginBottom": 15,
                    "textAlign": "right",
                  },
                  "Fieldset": Object {
                    "borderBottomColor": "#ddd",
                    "borderBottomWidth": 1,
                    "labelColor": "#909090",
                    "labelHeight": 25,
                    "labelSize": 9,
                    "labelWeight": 700,
                    "paddingBottom": 12,
                    "paddingLeft": 8,
                    "paddingRight": 8,
                    "paddingTop": 12,
                  },
                  "FormGroup": Object {
                    "borderColor": "#ebebeb",
                    "borderRadius": 3,
                    "borderStyle": "solid",
                    "borderWidth": 1,
                    "errorBorderColor": "red",
                    "height": 35,
                    "marginBottom": 10,
                    "paddingBottom": 0,
                    "paddingLeft": 10,
                    "paddingRight": 10,
                    "paddingTop": 0,
                  },
                  "Input": Object {
                    "color": "#313131",
                  },
                  "Label": Object {
                    "color": "#bfc2c9",
                    "fontSize": 12,
                    "stackedHeight": 40,
                  },
                  "Select": Object {},
                }
              }
            >
              <TextInput
                allowFontScaling={true}
                componentName="Input"
                data-index={0}
                defaultValue=""
                editable={true}
                id="myTextfield"
                inlineLabel={false}
                multiline={false}
                name="myTextfield"
                numberOfLines={1}
                onBlur={[Function]}
                onChangeText={[Function]}
                placeholder=""
                placeholderTextColor="#c9c9c9"
                style={
                  Array [
                    Object {
                      "color": "#313131",
                      "flexBasis": 0,
                      "flexGrow": 1,
                      "flexShrink": 1,
                      "fontSize": 12,
                      "lineHeight": 18,
                      "textAlignVertical": "center",
                    },
                    undefined,
                  ]
                }
                theme={
                  Object {
                    "BaseInput": Object {
                      "fontSize": 12,
                      "lineHeight": 18,
                      "placeholderColor": "#c9c9c9",
                    },
                    "Button": Object {
                      "backgroundColor": "#4286dd",
                      "color": "#fff",
                      "fontSize": 12,
                      "fontWeight": 700,
                      "height": 45,
                    },
                    "ErrorMessage": Object {
                      "color": "red",
                      "fontSize": 10,
                      "marginBottom": 15,
                      "textAlign": "right",
                    },
                    "Fieldset": Object {
                      "borderBottomColor": "#ddd",
                      "borderBottomWidth": 1,
                      "labelColor": "#909090",
                      "labelHeight": 25,
                      "labelSize": 9,
                      "labelWeight": 700,
                      "paddingBottom": 12,
                      "paddingLeft": 8,
                      "paddingRight": 8,
                      "paddingTop": 12,
                    },
                    "FormGroup": Object {
                      "borderColor": "#ebebeb",
                      "borderRadius": 3,
                      "borderStyle": "solid",
                      "borderWidth": 1,
                      "errorBorderColor": "red",
                      "height": 35,
                      "marginBottom": 10,
                      "paddingBottom": 0,
                      "paddingLeft": 10,
                      "paddingRight": 10,
                      "paddingTop": 0,
                    },
                    "Input": Object {
                      "color": "#313131",
                    },
                    "Label": Object {
                      "color": "#bfc2c9",
                      "fontSize": 12,
                      "stackedHeight": 25,
                    },
                    "Select": Object {},
                  }
                }
                type="text"
                underlineColorAndroid="transparent"
                value=""
              />
            </View>
            <Text
              inlineLabel={false}
              style={
                Object {
                  "alignSelf": "flex-end",
                  "color": "#FF4545",
                  "fontSize": 10,
                }
              }
              theme={
                Object {
                  "BaseInput": Object {
                    "fontSize": 12,
                    "lineHeight": 18,
                    "placeholderColor": "#c9c9c9",
                  },
                  "Button": Object {
                    "backgroundColor": "#4286dd",
                    "color": "#fff",
                    "fontSize": 12,
                    "fontWeight": 700,
                    "height": 45,
                  },
                  "ErrorMessage": Object {
                    "color": "red",
                    "fontSize": 10,
                    "marginBottom": 15,
                    "textAlign": "right",
                  },
                  "Fieldset": Object {
                    "borderBottomColor": "#ddd",
                    "borderBottomWidth": 1,
                    "labelColor": "#909090",
                    "labelHeight": 25,
                    "labelSize": 9,
                    "labelWeight": 700,
                    "paddingBottom": 12,
                    "paddingLeft": 8,
                    "paddingRight": 8,
                    "paddingTop": 12,
                  },
                  "FormGroup": Object {
                    "borderColor": "#ebebeb",
                    "borderRadius": 3,
                    "borderStyle": "solid",
                    "borderWidth": 1,
                    "errorBorderColor": "red",
                    "height": 35,
                    "marginBottom": 10,
                    "paddingBottom": 0,
                    "paddingLeft": 10,
                    "paddingRight": 10,
                    "paddingTop": 0,
                  },
                  "Input": Object {
                    "color": "#313131",
                  },
                  "Label": Object {
                    "color": "#bfc2c9",
                    "fontSize": 12,
                    "stackedHeight": 25,
                  },
                  "Select": Object {},
                }
              }
            >
              
            </Text>
          </View>
        </View>
      </View>
    </RCTScrollView>
  </View>
</View>
`;
